// Jest Snapshot v1, https://goo.gl/fbAQLP

exports[`Artist game screen renders correctly 1`] = `
<section
  className="game__screen"
>
  <h2
    className="game__title"
  >
    Кто исполняет эту песню?
  </h2>
  <div
    className="game__track"
  >
    <div
      className="track"
    />
  </div>
  <form
    className="game__artist"
  >
    <div
      className="artist"
    >
      <input
        className="artist__input visually-hidden"
        id="answer-1"
        name="answer"
        onChange={[Function]}
        type="radio"
        value="Aerosmith"
      />
      <label
        className="artist__name"
        htmlFor="answer-1"
      >
        <img
          alt="Aerosmith"
          className="artist__picture"
          src="https://picsum.photos/128"
        />
        Aerosmith
      </label>
    </div>
    <div
      className="artist"
    >
      <input
        className="artist__input visually-hidden"
        id="answer-2"
        name="answer"
        onChange={[Function]}
        type="radio"
        value="Bon Jovi"
      />
      <label
        className="artist__name"
        htmlFor="answer-2"
      >
        <img
          alt="Bon Jovi"
          className="artist__picture"
          src="https://picsum.photos/128"
        />
        Bon Jovi
      </label>
    </div>
    <div
      className="artist"
    >
      <input
        className="artist__input visually-hidden"
        id="answer-3"
        name="answer"
        onChange={[Function]}
        type="radio"
        value="Rolling Stones"
      />
      <label
        className="artist__name"
        htmlFor="answer-3"
      >
        <img
          alt="Rolling Stones"
          className="artist__picture"
          src="https://picsum.photos/128"
        />
        Rolling Stones
      </label>
    </div>
  </form>
</section>
`;
